// Jest Snapshot v1, https://goo.gl/fbAQLP

exports[`<Logout /> should render logout snapshot 1`] = `
<div>
  <button
    class="ant-btn ant-btn-primary ant-btn-block"
    data-testid="login"
    id="login"
    type="submit"
  >
    <span>
      Logout
    </span>
  </button>
</div>
`;
